// Jest Snapshot v1, https://goo.gl/fbAQLP

exports[`render a ProductTile 1`] = `
<div
  className="col-xs-12 col-sm-12 col-md-4 col-lg-3 mx-auto"
>
  <div
    className="product-tile rounded"
  >
    <Link
      replace={false}
      to="/products/1"
    >
      <img
        alt="Product Image"
        className="rounded"
        height="160"
      />
    </Link>
    <div
      className="product-details"
    >
      <Link
        replace={false}
        to="/products/1"
      >
        <h6
          className="product-title"
        >
          test product
        </h6>
      </Link>
      <p
        className="product-description"
      />
      <p
        className="product-price"
      >
        <strong>
          $
        </strong>
      </p>
      <p
        className="product-cart-add"
      >
        <span
          className="btn btn-success link"
          onClick={[Function]}
        >
          <FontAwesomeIcon
            border={false}
            className="mr-1"
            fixedWidth={false}
            flip={null}
            icon="plus"
            inverse={false}
            listItem={false}
            mask={null}
            pull={null}
            pulse={false}
            rotation={null}
            size={null}
            spin={false}
            symbol={false}
            title=""
            transform={null}
          />
          Add to Cart
        </span>
      </p>
    </div>
  </div>
</div>
`;
