// Jest Snapshot v1, https://goo.gl/fbAQLP

exports[`render a UserSection 1`] = `
<div>
  <div
    className="row"
  >
    <div
      className="form-group m-2 col-sm-12 col-md-5"
    >
      <label
        htmlFor="checkoutName"
      >
        Name
      </label>
      <input
        className="form-control"
        id="checkoutName"
        name="name"
        type="text"
      />
    </div>
    <div
      className="form-group m-2 col-sm-12 col-md-5"
    >
      <label
        htmlFor="checkoutEmail"
      >
        Email
      </label>
      <input
        className="form-control"
        id="checkoutEmail"
        name="email"
        type="email"
      />
    </div>
  </div>
  <div
    className="form-group m-2"
  >
    <label
      htmlFor="checkoutPhone"
    >
      Phone
    </label>
    <input
      className="form-control"
      id="checkoutPhone"
      name="phone"
      type="phone"
    />
  </div>
</div>
`;
